[INFO] Scanning for projects...
[INFO] 
[INFO] ------------------< org.example:Localization_testing >------------------
[INFO] Building Localization_testing 1.0-SNAPSHOT
[INFO]   from pom.xml
[INFO] --------------------------------[ jar ]---------------------------------
[INFO] 
[INFO] --- resources:3.3.1:resources (default-resources) @ Localization_testing ---
[INFO] Copying 0 resource from src\main\resources to target\classes
[INFO] 
[INFO] --- compiler:3.11.0:compile (default-compile) @ Localization_testing ---
[INFO] Nothing to compile - all classes are up to date
[INFO] 
[INFO] --- resources:3.3.1:testResources (default-testResources) @ Localization_testing ---
[INFO] skip non existing resourceDirectory D:\Documents\Localization_testing\src\test\resources
[INFO] 
[INFO] --- compiler:3.11.0:testCompile (default-testCompile) @ Localization_testing ---
[INFO] Nothing to compile - all classes are up to date
[INFO] 
[INFO] --- surefire:3.2.2:test (default-test) @ Localization_testing ---
[INFO] Using auto detected provider org.apache.maven.surefire.junitplatform.JUnitPlatformProvider
[INFO] 
[INFO] -------------------------------------------------------
[INFO]  T E S T S
[INFO] -------------------------------------------------------
[INFO] Running org.example.L10nBaseTest
============================================================
L10N BASE TEST - EQUIVALENCE PARTITIONING
============================================================
./mvnw : SLF4J(W): No SLF4J providers were found.
At line:1 char:1
+ ./mvnw test "-Dtest=L10nBaseTest#testCurrencyFormat" 2>&1 | Tee-Objec ...
+ ~~~~~~~~~~~~~~~~~~~~~~~~~~~~~~~~~~~~~~~~~~~~~~~~~~~~~~~~~
    + CategoryInfo          : NotSpecified: (SLF4J(W): No SLF4J providers were found.:String) [], RemoteException
    + FullyQualifiedErrorId : NativeCommandError
 
SLF4J(W): Defaulting to no-operation (NOP) logger implementation
SLF4J(W): See https://www.slf4j.org/codes.html#noProviders for further details.

------------------------------------------------------------
Testing Language: en (Group: LATIN_DOT)
------------------------------------------------------------
Jan 31, 2026 11:21:47 PM org.openqa.selenium.devtools.CdpVersionFinder findNearestMatch
WARNING: Unable to find CDP implementation matching 144
Jan 31, 2026 11:21:47 PM org.openqa.selenium.chromium.ChromiumDriver lambda$new$5
WARNING: Unable to find version of CDP to use for 144.0.7559.110. You may need to include a dependency on a specific version of the CDP using something 
similar to `org.seleniumhq.selenium:selenium-devtools-v86:4.16.1` where the version ("v86") matches the version of the chromium-based browser you're using 
and the version number of the artifact is the same as Selenium's.
[TEST] Currency Format for en
  [1] Opening URL: https://demo.prestashop.com/
  [2] Waiting for page load...
  [3] Switching to iframe...
  [3] In iframe: true
  [4] Already in English, skipping language switch
  [5] Navigating to product page...
  [6] Page ready for testing

--- TEST REPORT ---
=== Currency Test ===
  Expected currency: $
  Found 10 price elements
  Prices found: 10
  Sample prices: [Ç19.12, Ç28.72, Ç29.00, Ç29.00, Ç29.00]
  Currency symbols detected: {Ç=10}
  Dominant currency: Ç
  [WARN] Page shows EUR (Ç) instead of expected $
  [INFO] This may be expected for PrestaShop demo default currency
  Valid format: 10/10


[!] Found 1 ERRORS:
  - CURRENCY_MISMATCH: Currency mismatch for en
    Details: Expected $ but found Ç (Ç). Prices: [Ç19.12, Ç28.72, Ç29.00]

[INFO] Waiting 2 seconds for observation...
Test completed for en. Errors: 1

------------------------------------------------------------
Testing Language: hi (Group: INDIC)
------------------------------------------------------------
Jan 31, 2026 11:21:57 PM org.openqa.selenium.devtools.CdpVersionFinder findNearestMatch
WARNING: Unable to find CDP implementation matching 144
Jan 31, 2026 11:21:57 PM org.openqa.selenium.chromium.ChromiumDriver lambda$new$5
WARNING: Unable to find version of CDP to use for 144.0.7559.110. You may need to include a dependency on a specific version of the CDP using something 
similar to `org.seleniumhq.selenium:selenium-devtools-v86:4.16.1` where the version ("v86") matches the version of the chromium-based browser you're using 
and the version number of the artifact is the same as Selenium's.
[TEST] Currency Format for hi
  [1] Opening URL: https://demo.prestashop.com/
  [2] Waiting for page load...
  [3] Switching to iframe...
  [3] In iframe: true
  [4] Switching to language: hi
